<jsp:root xmlns:jsp="http://java.sun.com/JSP/Page"
	xmlns:ol="urn:jsptagdir:/WEB-INF/tags/web" 
	version="2.0">
	<jsp:directive.page contentType="text/html;charset=UTF-8" pageEncoding="UTF-8" /> 
	<jsp:output omit-xml-declaration="yes" /> 

	<ol:form model="screenForPage">
			<ol:pagePart left="12%" top="20%" width="26%">
 				<ol:field name="fldCol12" cssClass="col_1_of_1"/>
 				<ol:field name="fld2Col12" cssClass="col_1_of_1"/>
 				<ol:field name="fld3Col12" cssClass="col_1_of_1"/>
			</ol:pagePart>
			<ol:pagePart left="26%" top="37%" width="52%">
 				<ol:field name="fldRow10" cssClass="col_1_of_2"/>
 				<ol:field name="fld2Row10" cssClass="col_2_of_2"/>
			</ol:pagePart>
			<ol:field name="orphanFld" top="95%" left="8%" width="28%" />
			<ol:pagePart left="1%" top="79%" width="52%">
 				<ol:field name="screenForPagePart.fldRow20" cssClass="col_1_of_2"/>
 				<ol:field name="screenForPagePart.fld2Row20" cssClass="col_2_of_2"/>
			</ol:pagePart>
			<ol:pagePart left="6%" top="54%" width="31%">
					<ol:table data="${screenForPage.screenForPageRows}" property="screenForPageRows"  />
			</ol:pagePart>
		
	</ol:form>
</jsp:root>