package com.test;

import org.openlegacy.annotations.screen.*;
import org.openlegacy.terminal.actions.TerminalActions;
import org.openlegacy.terminal.actions.TerminalAction.AdditionalKey;
import org.openlegacy.definitions.EnumGetValue;  

@ScreenEntity()
@ScreenIdentifiers(identifiers = { 
				@Identifier(row = 2, column = 30, value = "Item Details     "), 
				@Identifier(row = 4, column = 2, value = "Type choices, press Enter."), 
				@Identifier(row = 6, column = 2, value = "Item Number . . . . . . . . .") 
				})
@ScreenActions(actions = { 
				@Action(action = TerminalActions.F1.class, displayName = "Help", alias = "help"), 
				@Action(action = TerminalActions.F4.class, displayName = "Prompt", alias = "prompt"), 
				@Action(action = TerminalActions.F12.class, displayName = "Cancel", alias = "cancel"), 
				@Action(action = TerminalActions.F2.class ,additionalKey= AdditionalKey.SHIFT, displayName = "Delete", alias = "delete") 
				})
 public class ItemDetails implements org.openlegacy.terminal.ScreenEntity {
 
 private String focusField;
	
	@ScreenField(key = true, row = 6, column = 33, endColumn= 47 ,labelColumn= 2 ,editable= true ,displayName = "Item Number", sampleValue = "2000")
    private Integer itemNumber;
    
    public Integer getItemNumber(){
    	return this.itemNumber;
    }
    
    public void setItemNumber( Integer itemNumber){
    	this.itemNumber = itemNumber;
    }
	
	@ScreenField(row = 7, column = 33, endColumn= 72 ,labelColumn= 2 ,editable= true ,displayName = "Item Description", sampleValue = "Domino Cubes - Board Games")
    private String itemDescription;
    
    public String getItemDescription(){
    	return this.itemDescription;
    }
    
    public void setItemDescription( String itemDescription){
    	this.itemDescription = itemDescription;
    }
	
	@ScreenField(row = 8, column = 33, endColumn= 47 ,labelColumn= 2 ,editable= true ,displayName = "Substitute item number")
    private String substituteItemNumber;
    
    public String getSubstituteItemNumber(){
    	return this.substituteItemNumber;
    }
    
    public void setSubstituteItemNumber( String substituteItemNumber){
    	this.substituteItemNumber = substituteItemNumber;
    }
	
	@ScreenField(row = 9, column = 33, endColumn= 47 ,labelColumn= 2 ,editable= true ,displayName = "Item weight", sampleValue = "850", helpText = "GR")
    private Integer itemWeight;
    
    public Integer getItemWeight(){
    	return this.itemWeight;
    }
    
    public void setItemWeight( Integer itemWeight){
    	this.itemWeight = itemWeight;
    }
	
	@ScreenField(row = 11, column = 33, endColumn= 35 ,labelColumn= 2 ,editable= true ,displayName = "Stock Group", sampleValue = "SG", helpText = "SG=Standard group CG=Custom Group")
    private StockGroup stockGroup;
    
    public StockGroup getStockGroup(){
    	return this.stockGroup;
    }
    
    public void setStockGroup( StockGroup stockGroup){
    	this.stockGroup = stockGroup;
    }
	
	@ScreenField(row = 12, column = 33, endColumn= 37 ,labelColumn= 2 ,editable= true ,displayName = "Unit of Measure")
    private String unitOfMeasure;
    
    public String getUnitOfMeasure(){
    	return this.unitOfMeasure;
    }
    
    public void setUnitOfMeasure( String unitOfMeasure){
    	this.unitOfMeasure = unitOfMeasure;
    }
	
	@ScreenField(row = 13, column = 33, endColumn= 33 ,labelColumn= 2 ,editable= true ,displayName = "Pallet label required")
    private String palletLabelRequired;
    
    public String getPalletLabelRequired(){
    	return this.palletLabelRequired;
    }
    
    public void setPalletLabelRequired( String palletLabelRequired){
    	this.palletLabelRequired = palletLabelRequired;
    }
	
	@ScreenField(row = 14, column = 33, endColumn= 34 ,labelColumn= 2 ,editable= true ,displayName = "VAT Code")
    private String vatCode;
    
    public String getVatCode(){
    	return this.vatCode;
    }
    
    public void setVatCode( String vatCode){
    	this.vatCode = vatCode;
    }

	public String getFocusField(){
    	return focusField;
    }
    public void setFocusField(String focusField){
    	this.focusField = focusField;
    }
    


 
	public enum StockGroup implements EnumGetValue{
			Custom("CG","Custom"),
			Standard("SG","Standard");
		
		private String value;
		private String display;

		StockGroup(String value, String display) {
			this.value = value;
			this.display = display;
		}

		public String getValue() {
			return value;
		}

		@Override
		public String toString() {
			return display;
		}
	}
}
