package com.test;

import org.openlegacy.annotations.screen.*;

@ScreenEntity()
@ScreenIdentifiers(identifiers = { 
				@Identifier(row = 1, column = 40, value = "Simple Screen"), 
				@Identifier(row = 4, column = 3, value = "Field A:"), 
				@Identifier(row = 5, column = 3, value = "Field B:") 
				})
 public class SimpleScreen implements org.openlegacy.terminal.ScreenEntity {
 
 private String focusField;
	
	@ScreenField(row = 4, column = 13, endColumn= 21 ,labelColumn= 3 ,editable= true ,displayName = "Field A", sampleValue = "AAAA")
    private String fieldA;
    
    public String getFieldA(){
    	return this.fieldA;
    }
    
    public void setFieldA( String fieldA){
    	this.fieldA = fieldA;
    }
	
	@ScreenField(row = 5, column = 13, endColumn= 20 ,labelColumn= 3 ,displayName = "Field B", sampleValue = "BBBB")
    private String fieldB;
    
    public String getFieldB(){
    	return this.fieldB;
    }
    

	public String getFocusField(){
    	return focusField;
    }
    public void setFocusField(String focusField){
    	this.focusField = focusField;
    }
    


 
}
